   0.000000000     -0.9140833100    
   0.000000000      0.7717749073    
     
  0.4330295261     -0.9140833100    
  0.4330295261      0.7717749073    
     
  0.9633802174     -0.9140833100    
  0.9633802174      0.7717749073    
     
   1.575776446     -0.9140833100    
   1.575776446      0.7717749073    
     
   1.881974561     -0.9140833100    
   1.881974561      0.7717749073    
     
   2.098489324     -0.9140833100    
   2.098489324      0.7717749073    
     
