# serializer version: 1
# name: test_split_split_main[correct_yaml_path-None]
  list([
    '8cf0de69de895d719aa127b58d95796d',
  ])
# ---
