# serializer version: 1
# name: test_shuffle_csv[correct_csv_path-correct_yaml_path-None]
  '874d4fc87d68eb8972fea5667ecf6712'
# ---
