# serializer version: 1
# name: test_split_transforms[correct_yaml_path-None]
  list([
    '5a1a973b7fad770e0c309543965b68854d8c224b470974c057d419bf920acb37',
    '619e19f6987db0d09af741ed87a61ccfed70931323cd8a7292a9d0367de41e89',
    '9e5afd147966dbdb5e03981acb9da887b7b80b0d7df2ccbd58e16694c9d0bbbe',
  ])
# ---
