Type:
SimulatedJulabo
Properties
(current
values):
circulate_commanded
(True)
external_d
(0)
external_i
(3)
external_p
(0.1)
external_temperature
(26.0)
heating_power
(5.0)
internal_d
(0)
internal_i
(3)
internal_p
(0.1)
is_circulating
(True)
set_point_temperature
(35)
status
(Hello
from
the
simulated
Julabo)
temperature
(35)
temperature_high_limit
(100.0)
temperature_low_limit
(0.0)
temperature_ramp_rate
(5.0)
version
(JULABO
FP50_MH
Simulator,
ISIS)
Methods:
set_circulating
set_external_d
set_external_i
set_external_p
set_internal_d
set_internal_i
set_internal_p
set_set_point
