Please
specify
a
device
to
simulate.
The
following
devices
are
available:
chopper
julabo
linkam_t95
